[www.ewedinvite.site/Mau6-1Tiec.html]
[backblue.gif]
[fade.gif]
[index.html]
[content.pancake.vn/1/s50x50/fwebp/a0/28/c6/a4/5739e1ea198011c726d08f5f28812dd71d1a068a414bf8fbf244f5d6.png]
[content.pancake.vn/1/s840x1600/fwebp/c2/20/8f/dd/630c812f4ba82e3308747b7d62781f5e3a37a09149b638cd8f99c18d.png]
[content.pancake.vn/1/s1380x536/fwebp/cf/cf/28/5f/f9ca08165577556ed2df053b0962a0e8e670490844d7ad5e84fa48b2.png]
[content.pancake.vn/1/fwebp/e2/bc/35/38/dc2d9ddf74d997785eb0c802bd3237a50de1118e505f1e0a89ae4ec1-w_592-h_1280-l_497233-t_image/png.png]
[api.webcake.io/animate/animatev43860.css]
[api.webcake.io/render_iconfont/iconfont3860.css]
[www.ewedinvite.site/webcake/v4/a492f731-fcb6-4446-b229-0e29ade16dbe3860.html]
[www.ewedinvite.site/page_view1c45.gif]
[www.ewedinvite.site/Mau6-1Tiec.html]
[api.webcake.io/animate/animatev43860.css]
[api.webcake.io/render_iconfont/iconfontbd18.woff2]
[api.webcake.io/render_iconfont/iconfontbd18.woff]
[api.webcake.io/render_iconfont/iconfontbd18.ttf]
[api.webcake.io/render_iconfont/iconfont3860.css]
[www.ewedinvite.site/sync/index.html]
[www.ewedinvite.site/ext_sync/index.html]
[www.ewedinvite.site/cart/app2a3b.js]
[www.ewedinvite.site/index.html]
[www.ewedinvite.site/form_data/index.html]
[www.ewedinvite.site/create_temp_form/index.html]
[www.ewedinvite.site/ext_create_temp_form/index.html]
[www.ewedinvite.site/create_form_data/index.html]
[www.ewedinvite.site/ext_create_form_data/index.html]
[www.ewedinvite.site/datasets/index.html]
[www.ewedinvite.site/partners/index.html]
[www.ewedinvite.site/global_section/index.html]
[www.ewedinvite.site/webcake/v4/a492f731-fcb6-4446-b229-0e29ade16dbe3860.html]
[content.pancake.vn/1/48/c1/5e/fa/d6427653b3fa44d854f2171914c91e090286b98f56448f3101970b11.png]
[www.ewedinvite.site/sync/index.html]
[www.ewedinvite.site/ext_sync/index.html]
[www.ewedinvite.site/index.html]
[www.ewedinvite.site/form_data/index.html]
[www.ewedinvite.site/create_temp_form/index.html]
[www.ewedinvite.site/ext_create_temp_form/index.html]
[www.ewedinvite.site/create_form_data/index.html]
[www.ewedinvite.site/ext_create_form_data/index.html]
[www.ewedinvite.site/webcake/v4/v.json]
[www.ewedinvite.site/webcake/v4/e.json]
[www.ewedinvite.site/webcake/v4/O.json]
[www.ewedinvite.site/datasets/index.html]
[www.ewedinvite.site/partners/index.html]
[www.ewedinvite.site/webcake/v4/www.webcake.json]
[www.ewedinvite.site/global_section/index.html]
[www.googletagmanager.com/gtm5445.js]
